
Allocating common symbols
Common symbol       size              file

netbufpool          0x4               binaries/net.o
readylist           0x2               binaries/ready.o
rfltab              0x780             binaries/rflinit.o
netportseed         0x8               binaries/net.o
sleepq              0x2               binaries/clkinit.o
nnames              0x4               binaries/naminit.o
udptab              0x168             binaries/udp.o
minheap             0x4               binaries/meminit.o
marks               0x50              binaries/mark.o
currpid             0x4               binaries/initialize.o
Lf_data             0x20c             binaries/lfsinit.o
porttab             0x2d0             binaries/ptinit.o
girmask             0x2               binaries/evec.o
ttytab              0x110             binaries/ttyinit.o
proctab             0x15e0            binaries/initialize.o
prcount             0x4               binaries/initialize.o
int_actions         0x140             binaries/evec.o
lfltab              0xf00             binaries/lflinit.o
rdstab              0x8c              binaries/rdsinit.o
ethertab            0x138             binaries/ethinit.o
NetData             0xb0              binaries/net.o
nmarks              0x4               binaries/mark.o
Defer               0x8               binaries/resched.o
semtab              0x4b0             binaries/initialize.o
maxheap             0x4               binaries/meminit.o
preempt             0x4               binaries/clkinit.o
buftab              0xf0              binaries/bufinit.o
Rf_data             0x28              binaries/rfsinit.o
mkmutex             0x4               binaries/mark.o
count1000           0x4               binaries/clkinit.o
clktime             0x4               binaries/clkinit.o
arpcache            0x140             binaries/arp.o
icmptab             0x230             binaries/icmp.o
nbpools             0x4               binaries/bufinit.o
queuetab            0x980             binaries/queue.o
ptnextid            0x4               binaries/ptinit.o
Ram                 0x19000           binaries/raminit.o
ipoqueue            0x2c              binaries/ip.o
memlist             0x8               binaries/initialize.o
nametab             0x19a0            binaries/naminit.o
ptfree              0x4               binaries/ptinit.o

Discarded input sections

 .group         0x0000000000000000        0x8 binaries/ascdate.o
 .group         0x0000000000000000        0x8 binaries/bufinit.o
 .group         0x0000000000000000        0x8 binaries/chprio.o
 .group         0x0000000000000000        0x8 binaries/clkhandler.o
 .text.__x86.get_pc_thunk.bx
                0x0000000000000000        0x4 binaries/clkhandler.o
 .group         0x0000000000000000        0x8 binaries/clkinit.o
 .text.__x86.get_pc_thunk.bx
                0x0000000000000000        0x4 binaries/clkinit.o
 .group         0x0000000000000000        0x8 binaries/close.o
 .text.__x86.get_pc_thunk.bx
                0x0000000000000000        0x4 binaries/close.o
 .group         0x0000000000000000        0x8 binaries/control.o
 .text.__x86.get_pc_thunk.bx
                0x0000000000000000        0x4 binaries/control.o
 .group         0x0000000000000000        0x8 binaries/create.o
 .group         0x0000000000000000        0x8 binaries/create.o
 .text.__x86.get_pc_thunk.cx
                0x0000000000000000        0x4 binaries/create.o
 .text.__x86.get_pc_thunk.bx
                0x0000000000000000        0x4 binaries/create.o
 .group         0x0000000000000000        0x8 binaries/early_imr.o
 .group         0x0000000000000000        0x8 binaries/early_imr.o
 .text.__x86.get_pc_thunk.ax
                0x0000000000000000        0x4 binaries/early_imr.o
 .text.__x86.get_pc_thunk.bx
                0x0000000000000000        0x4 binaries/early_imr.o
 .group         0x0000000000000000        0x8 binaries/evec.o
 .group         0x0000000000000000        0x8 binaries/evec.o
 .group         0x0000000000000000        0x8 binaries/evec.o
 .text.__x86.get_pc_thunk.ax
                0x0000000000000000        0x4 binaries/evec.o
 .text.__x86.get_pc_thunk.bx
                0x0000000000000000        0x4 binaries/evec.o
 .group         0x0000000000000000        0x8 binaries/exit.o
 .text.__x86.get_pc_thunk.bx
                0x0000000000000000        0x4 binaries/exit.o
 .group         0x0000000000000000        0x8 binaries/freebuf.o
 .text.__x86.get_pc_thunk.bx
                0x0000000000000000        0x4 binaries/freebuf.o
 .group         0x0000000000000000        0x8 binaries/freemem.o
 .text.__x86.get_pc_thunk.bx
                0x0000000000000000        0x4 binaries/freemem.o
 .group         0x0000000000000000        0x8 binaries/getbuf.o
 .text.__x86.get_pc_thunk.bx
                0x0000000000000000        0x4 binaries/getbuf.o
 .group         0x0000000000000000        0x8 binaries/getc.o
 .text.__x86.get_pc_thunk.bx
[...]
Memory Configuration

Name             Origin             Length             Attributes
*default*        0x0000000000000000 0xffffffffffffffff

Linker script and memory map

                0x0000000000100000                physbase = 0x100000
                0x0000000000100000                . = physbase
                0x0000000000100000                . = ALIGN (0x1000)

.text           0x0000000000100000    0x22000
                0x0000000000100000                text = ABSOLUTE (.)
 *(.text .text.*)
 .text          0x0000000000100000      0x1b4 binaries/start.o
                0x0000000000100024                start
                0x00000000001000f6                inb
                0x00000000001000fe                inw
                0x0000000000100107                inl
                0x000000000010010f                outb
                0x0000000000100119                outw
                0x0000000000100124                outl
                0x000000000010012e                _rtcin
                0x0000000000100139                ___udivsi3
                0x0000000000100144                ___divsi3
                0x0000000000100150                sbzero
                0x0000000000100160                insw
                0x0000000000100176                outsw
                0x000000000010018c                bcopy
                0x00000000001001a0                lidt
                0x00000000001001a8                cpuid
 .text          0x00000000001001b4      0x404 binaries/ascdate.o
                0x00000000001001b4                ascdate
 .text.__x86.get_pc_thunk.cx
                0x00000000001005b8        0x4 binaries/ascdate.o
                0x00000000001005b8                __x86.get_pc_thunk.cx
 .text          0x00000000001005bc       0x20 binaries/bufinit.o
                0x00000000001005bc                bufinit
 .text.__x86.get_pc_thunk.ax
                0x00000000001005dc        0x4 binaries/bufinit.o
                0x00000000001005dc                __x86.get_pc_thunk.ax
 .text          0x00000000001005e0       0xa2 binaries/chprio.o
                0x00000000001005e0                chprio
 .text.__x86.get_pc_thunk.bx
                0x0000000000100682        0x4 binaries/chprio.o
                0x0000000000100682                __x86.get_pc_thunk.bx
 .text          0x0000000000100686      0x115 binaries/clkhandler.o
                0x0000000000100686                clkhandler
 .text          0x000000000010079b      0x10f binaries/clkinit.o
                0x000000000010079b                clkinit
 .text          0x00000000001008aa       0x86 binaries/close.o
                0x00000000001008aa                close
 .text          0x0000000000100930        0x0 binaries/conf.o
 .text          0x0000000000100930       0x8c binaries/control.o
                0x0000000000100930                control
 .text          0x00000000001009bc      0x2ef binaries/create.o
                0x00000000001009bc                create
 .text          0x0000000000100cab      0x30e binaries/early_imr.o
                0x0000000000100cab                intel_cln_early_sb_read_reg
                0x0000000000100d3c                intel_cln_early_sb_write_reg
                0x0000000000100f1b                remove_irm_protections
 .text          0x0000000000100fb9      0x683 binaries/evec.o
                0x0000000000100fb9                initevec
                0x0000000000101125                set_evec
                0x000000000010119f                set_ivec
                0x0000000000101250                ioapic_irq2vec
                0x00000000001012a0                int_dispatch
                0x0000000000101345                _8259_setirmask
                0x00000000001013b7                trap
 .text.__x86.get_pc_thunk.dx
                0x000000000010163c        0x4 binaries/evec.o
                0x000000000010163c                __x86.get_pc_thunk.dx
 .text          0x0000000000101640       0x29 binaries/exit.o
                0x0000000000101640                exit
 .text          0x0000000000101669       0xa1 binaries/freebuf.o
                0x0000000000101669                freebuf
 .text          0x000000000010170a      0x195 binaries/freemem.o
                0x000000000010170a                freemem
 .text          0x000000000010189f       0x9f binaries/getbuf.o
                0x000000000010189f                getbuf
 .text          0x000000000010193e       0x86 binaries/getc.o
                0x000000000010193e                getc
 .text          0x00000000001019c4       0x86 binaries/getdev.o
                0x00000000001019c4                getdev
 .text          0x0000000000101a4a      0x111 binaries/getitem.o
                0x0000000000101a4a                getfirst
                0x0000000000101aa0                getlast
                0x0000000000101af8                getitem
 .text          0x0000000000101b5b      0x132 binaries/getmem.o
                0x0000000000101b5b                getmem
 .text          0x0000000000101c8d       0x17 binaries/getpid.o
                0x0000000000101c8d                getpid
 .text          0x0000000000101ca4       0x8c binaries/getprio.o
                0x0000000000101ca4                getprio
 .text          0x0000000000101d30      0x119 binaries/getstk.o
                0x0000000000101d30                getstk
 .text          0x0000000000101e49       0x20 binaries/getticks.o
                0x0000000000101e49                getticks
 .text          0x0000000000101e69       0x4a binaries/gettime.o
                0x0000000000101e69                gettime
 .text          0x0000000000101eb3      0x21c binaries/getutime.o
                0x0000000000101eb3                getutime
 .text          0x00000000001020cf       0x86 binaries/init.o
                0x00000000001020cf                init
 .text          0x0000000000102155      0x451 binaries/initialize.o
                0x0000000000102155                nulluser
                0x0000000000102533                stop
                0x000000000010256e                delay
 .text          0x00000000001025a6      0x105 binaries/insert.o
                0x00000000001025a6                insert
 .text          0x00000000001026ab      0x13e binaries/insertd.o
                0x00000000001026ab                insertd
 .text          0x00000000001027e9       0x14 binaries/ioerr.o
                0x00000000001027e9                ioerr
 .text          0x00000000001027fd       0x14 binaries/ionull.o
                0x00000000001027fd                ionull
 .text          0x0000000000102811      0x1c8 binaries/kill.o
                0x0000000000102811                kill
 .text          0x00000000001029d9      0x16c binaries/kprintf.o
                0x00000000001029d9                kputc
                0x0000000000102a75                kgetc
                0x0000000000102b09                kprintf
 .text          0x0000000000102b45       0xc3 binaries/main.o
                0x0000000000102b45                main
 .text          0x0000000000102c08       0xf0 binaries/mark.o
                0x0000000000102c08                markinit
                0x0000000000102c43                mark
 .text          0x0000000000102cf8      0x32d binaries/meminit.o
                0x0000000000102cf8                meminit
                0x0000000000102f62                setsegs
 .text          0x0000000000103025      0x194 binaries/mkbufpool.o
                0x0000000000103025                mkbufpool
 .text          0x00000000001031b9       0xbb binaries/newqueue.o
                0x00000000001031b9                newqueue
 .text          0x0000000000103274       0x8c binaries/open.o
                0x0000000000103274                open
 .text          0x0000000000103300       0x2e binaries/panic.o
                0x0000000000103300                panic
 .text          0x000000000010332e      0x609 binaries/pci.o
                0x000000000010332e                pci_init
                0x00000000001033f4                find_pci_device
                0x00000000001034e5                pci_read_config_byte
                0x000000000010354d                pci_read_config_word
                0x00000000001035b7                pci_read_config_dword
                0x000000000010361f                pci_write_config_byte
                0x000000000010368b                pci_write_config_word
                0x00000000001036f9                pci_write_config_dword
                0x000000000010375f                pci_get_dev_mmio_base_addr
                0x00000000001037d5                pci_set_ivec
 .text          0x0000000000103937      0x10a binaries/platinit.o
                0x0000000000103937                cpu_is_quark
                0x0000000000103965                console_init
                0x00000000001039c2                platinit
 .text          0x0000000000103a41      0x105 binaries/ptclear.o
                0x0000000000103a41                _ptclear
 .text          0x0000000000103b46       0xaf binaries/ptcount.o
                0x0000000000103b46                ptcount
 .text          0x0000000000103bf5      0x138 binaries/ptcreate.o
                0x0000000000103bf5                ptcreate
 .text          0x0000000000103d2d       0x94 binaries/ptdelete.o
                0x0000000000103d2d                ptdelete
 .text          0x0000000000103dc1       0xe7 binaries/ptinit.o
                0x0000000000103dc1                ptinit
 .text          0x0000000000103ea8      0x135 binaries/ptrecv.o
                0x0000000000103ea8                ptrecv
 .text          0x0000000000103fdd       0x89 binaries/ptreset.o
                0x0000000000103fdd                ptreset
 .text          0x0000000000104066      0x15a binaries/ptsend.o
                0x0000000000104066                ptsend
 .text          0x00000000001041c0       0x91 binaries/putc.o
                0x00000000001041c0                putc
 .text          0x0000000000104251       0xdb binaries/quark_irq.o
                0x0000000000104251                quark_irq_routing
 .text          0x000000000010432c      0x20f binaries/quark_pdat.o
                0x000000000010432c                get_quark_pdat_entry_data_by_id
                0x000000000010442e                get_quark_pdat_entry_data_by_desc
 .text          0x000000000010453b      0x146 binaries/queue.o
                0x000000000010453b                enqueue
                0x00000000001045fc                dequeue
 .text          0x0000000000104681       0x8c binaries/read.o
                0x0000000000104681                read
 .text          0x000000000010470d       0x8c binaries/ready.o
                0x000000000010470d                ready
 .text          0x0000000000104799       0x74 binaries/receive.o
                0x0000000000104799                receive
 .text          0x000000000010480d       0x70 binaries/recvclr.o
                0x000000000010480d                recvclr
 .text          0x000000000010487d       0xd5 binaries/recvtime.o
                0x000000000010487d                recvtime
 .text          0x0000000000104952      0x1ce binaries/resched.o
                0x0000000000104952                resched
                0x0000000000104a82                resched_cntl
 .text          0x0000000000104b20       0xbf binaries/resume.o
                0x0000000000104b20                resume
 .text          0x0000000000104bdf     0x329f binaries/rfstests.o
                0x0000000000104bdf                num_digits
                0x0000000000104c21                message_generator
                0x0000000000104cfb                basic_test
                0x0000000000104e49                write_test
                0x0000000000105054                delete_test
                0x0000000000105257                multi_open_test
                0x000000000010543f                size_test
                0x0000000000105695                directory_test
                0x0000000000105914                remove_dir_test
                0x0000000000105bbf                updated_sizing_test
                0x0000000000105e47                cache_test1
                0x0000000000106003                cache_test2
                0x0000000000106271                cache_test3
                0x00000000001065a2                cache_test4
                0x000000000010691c                cache_test5
                0x0000000000106b5e                cache_test6
                0x0000000000106e41                cache_test7
                0x0000000000107195                devnum_test
                0x00000000001075b1                lru_test1
                0x0000000000107b72                trunc_test
 .text          0x0000000000107e7e       0x8a binaries/seek.o
                0x0000000000107e7e                seek
 .text          0x0000000000107f08       0x87 binaries/semcount.o
                0x0000000000107f08                semcount
 .text          0x0000000000107f8f      0x100 binaries/semcreate.o
                0x0000000000107f8f                semcreate
 .text          0x000000000010808f       0xdf binaries/semdelete.o
                0x000000000010808f                semdelete
 .text          0x000000000010816e       0xe3 binaries/semreset.o
                0x000000000010816e                semreset
 .text          0x0000000000108251       0xfb binaries/send.o
                0x0000000000108251                send
 .text          0x000000000010834c       0xba binaries/signal.o
                0x000000000010834c                signal
 .text          0x0000000000108406       0xe8 binaries/signaln.o
                0x0000000000108406                signaln
 .text          0x00000000001084ee      0x10e binaries/sleep.o
                0x00000000001084ee                sleep
                0x0000000000108546                sleepms
 .text          0x00000000001085fc      0x1b4 binaries/stacktrace.o
                0x00000000001085fc                stacktrace
 .text          0x00000000001087b0       0xf5 binaries/suspend.o
                0x00000000001087b0                suspend
 .text          0x00000000001088a5      0x100 binaries/unsleep.o
                0x00000000001088a5                unsleep
 .text          0x00000000001089a5       0x29 binaries/userret.o
                0x00000000001089a5                userret
 .text          0x00000000001089ce       0xf5 binaries/wait.o
                0x00000000001089ce                wait
 .text          0x0000000000108ac3       0x98 binaries/wakeup.o
                0x0000000000108ac3                wakeup
 .text          0x0000000000108b5b       0x8c binaries/write.o
                0x0000000000108b5b                write
 .text          0x0000000000108be7       0x2f binaries/xdone.o
                0x0000000000108be7                xdone
 .text          0x0000000000108c16       0x37 binaries/yield.o
                0x0000000000108c16                yield
 .text          0x0000000000108c4d       0x1b binaries/abs.o
                0x0000000000108c4d                abs
 .text          0x0000000000108c68       0x99 binaries/atoi.o
                0x0000000000108c68                atoi
 .text          0x0000000000108d01       0x99 binaries/atol.o
                0x0000000000108d01                atol
 .text          0x0000000000108d9a       0x3c binaries/bzero.o
                0x0000000000108d9a                bzero
 .text          0x0000000000108dd6        0x0 binaries/ctype_.o
 .text          0x0000000000108dd6      0x94d binaries/doprnt.o
                0x0000000000108dd6                _doprnt
 .text          0x0000000000109723      0x6cb binaries/doscan.o
                0x0000000000109723                _doscan
 .text.__x86.get_pc_thunk.di
                0x0000000000109dee        0x4 binaries/doscan.o
                0x0000000000109dee                __x86.get_pc_thunk.di
 .text          0x0000000000109df2      0x76a binaries/fdoprnt.o
                0x0000000000109df2                _fdoprnt
 .text          0x000000000010a55c       0x39 binaries/fgetc.o
                0x000000000010a55c                fgetc
 .text          0x000000000010a595       0x84 binaries/fgets.o
                0x000000000010a595                fgets
 .text          0x000000000010a619       0x3c binaries/fprintf.o
                0x000000000010a619                fprintf
 .text          0x000000000010a655       0x3c binaries/fputc.o
                0x000000000010a655                fputc
 .text          0x000000000010a691       0x52 binaries/fputs.o
                0x000000000010a691                fputs
 .text          0x000000000010a6e3       0xb8 binaries/fscanf.o
                0x000000000010a6e3                fscanf
 .text          0x000000000010a79b       0x46 binaries/getchar.o
                0x000000000010a79b                getchar
 .text          0x000000000010a7e1       0x1b binaries/labs.o
                0x000000000010a7e1                labs
 .text          0x000000000010a7fc        0x0 binaries/memchr.o
 .text          0x000000000010a7fc       0x5b binaries/memcmp.o
                0x000000000010a7fc                memcmp
 .text          0x000000000010a857       0x30 binaries/memcpy.o
                0x000000000010a857                memcpy
 .text          0x000000000010a887       0x3a binaries/memset.o
                0x000000000010a887                memset
 .text          0x000000000010a8c1       0x5e binaries/printf.o
                0x000000000010a8c1                printf
 .text          0x000000000010a91f       0x49 binaries/putchar.o
                0x000000000010a91f                putchar
 .text          0x000000000010a968      0x2b7 binaries/qsort.o
                0x000000000010a968                qsort
 .text          0x000000000010ac1f       0x81 binaries/rand.o
                0x000000000010ac1f                rand
                0x000000000010ac43                rand_r
                0x000000000010ac87                srand
 .text          0x000000000010aca0       0x82 binaries/sprintf.o
                0x000000000010aca0                sprintf
 .text          0x000000000010ad22       0x98 binaries/sscanf.o
                0x000000000010ad22                sscanf
 .text          0x000000000010adba       0x46 binaries/strchr.o
                0x000000000010adba                strchr
 .text          0x000000000010ae00       0x4f binaries/strcmp.o
                0x000000000010ae00                strcmp
 .text          0x000000000010ae4f       0x31 binaries/strcpy.o
                0x000000000010ae4f                strcpy
 .text          0x000000000010ae80       0x30 binaries/strlen.o
                0x000000000010ae80                strlen
 .text          0x000000000010aeb0       0x60 binaries/strncat.o
                0x000000000010aeb0                strncat
 .text          0x000000000010af10       0x68 binaries/strncmp.o
                0x000000000010af10                strncmp
 .text          0x000000000010af78       0x59 binaries/strncpy.o
                0x000000000010af78                strncpy
 .text          0x000000000010afd1       0x38 binaries/strnlen.o
                0x000000000010afd1                strnlen
 .text          0x000000000010b009       0x4f binaries/strrchr.o
                0x000000000010b009                strrchr
 .text          0x000000000010b058       0x78 binaries/strstr.o
                0x000000000010b058                strstr
 .text          0x000000000010b0d0       0xfb binaries/ttycontrol.o
                0x000000000010b0d0                ttycontrol
 .text          0x000000000010b1cb       0xab binaries/ttygetc.o
                0x000000000010b1cb                ttygetc
 .text          0x000000000010b276      0x721 binaries/ttyhandle_in.o
                0x000000000010b276                ttyhandle_in
 .text          0x000000000010b997      0x197 binaries/ttyhandle_out.o
                0x000000000010b997                ttyhandle_out
 .text          0x000000000010bb2e       0xcc binaries/ttyhandler.o
                0x000000000010bb2e                ttyhandler
 .text          0x000000000010bbfa      0x21f binaries/ttyinit.o
                0x000000000010bbfa                ttyinit
 .text          0x000000000010be19       0x1a binaries/ttykickout.o
                0x000000000010be19                ttykickout
 .text          0x000000000010be33       0xc9 binaries/ttyputc.o
                0x000000000010be33                ttyputc
 .text          0x000000000010befc      0x12d binaries/ttyread.o
                0x000000000010befc                ttyread
 .text          0x000000000010c029       0x5c binaries/ttywrite.o
                0x000000000010c029                ttywrite
 .text          0x000000000010c085      0x174 binaries/mount.o
                0x000000000010c085                mount
                0x000000000010c1b9                namlen
 .text          0x000000000010c1f9      0x220 binaries/naminit.o
                0x000000000010c1f9                naminit
 .text          0x000000000010c419      0x243 binaries/nammap.o
                0x000000000010c419                nammap
                0x000000000010c4b6                namrepl
                0x000000000010c602                namcpy
 .text          0x000000000010c65c       0x5d binaries/namopen.o
                0x000000000010c65c                namopen
 .text          0x000000000010c6b9       0xa8 binaries/ethcontrol.o
                0x000000000010c6b9                ethcontrol
 .text          0x000000000010c761      0x1d1 binaries/ethhandler.o
                0x000000000010c761                ethhandler
 .text          0x000000000010c932      0x797 binaries/ethinit.o
                0x000000000010c932                eth_phy_read
                0x000000000010c9a6                eth_phy_write
                0x000000000010ca25                eth_phy_reset
                0x000000000010cb79                ethinit
 .text.__x86.get_pc_thunk.si
                0x000000000010d0c9        0x4 binaries/ethinit.o
                0x000000000010d0c9                __x86.get_pc_thunk.si
 .text          0x000000000010d0cd      0x19c binaries/ethmcast.o
                0x000000000010d0cd                ethmcast_add
                0x000000000010d15a                ethmcast_remove
 .text          0x000000000010d269      0x222 binaries/ethread.o
                0x000000000010d269                ethread
 .text          0x000000000010d48b      0x10a binaries/ethwrite.o
                0x000000000010d48b                ethwrite
 .text          0x000000000010d595       0xaf binaries/rdsbufalloc.o
                0x000000000010d595                rdsbufalloc
 .text          0x000000000010d644       0xcf binaries/rdsclose.o
                0x000000000010d644                rdsclose
 .text          0x000000000010d713      0x304 binaries/rdscomm.o
                0x000000000010d713                rdscomm
 .text          0x000000000010da17      0x242 binaries/rdscontrol.o
                0x000000000010da17                rdscontrol
 .text          0x000000000010dc59      0x204 binaries/rdsinit.o
                0x000000000010dc59                rdsinit
 .text          0x000000000010de5d      0x1a4 binaries/rdsopen.o
                0x000000000010de5d                rdsopen
 .text          0x000000000010e001      0x471 binaries/rdsprocess.o
                0x000000000010e001                rdsprocess
 .text          0x000000000010e472      0x262 binaries/rdsread.o
                0x000000000010e472                rdsread
 .text          0x000000000010e6d4      0x202 binaries/rdswrite.o
                0x000000000010e6d4                rdswrite
 .text          0x000000000010e8d6       0x14 binaries/ramclose.o
                0x000000000010e8d6                ramclose
 .text          0x000000000010e8ea       0x58 binaries/raminit.o
                0x000000000010e8ea                raminit
 .text          0x000000000010e942       0x14 binaries/ramopen.o
                0x000000000010e942                ramopen
 .text          0x000000000010e956       0x47 binaries/ramread.o
                0x000000000010e956                ramread
 .text          0x000000000010e99d       0x47 binaries/ramwrite.o
                0x000000000010e99d                ramwrite
 .text          0x000000000010e9e4       0xc4 binaries/lfdballoc.o
                0x000000000010e9e4                lfdballoc
 .text          0x000000000010eaa8       0x6c binaries/lfdbfree.o
                0x000000000010eaa8                lfdbfree
 .text          0x000000000010eb14       0xe0 binaries/lfflush.o
                0x000000000010eb14                lfflush
 .text          0x000000000010ebf4       0xe2 binaries/lfgetmode.o
                0x000000000010ebf4                lfgetmode
 .text          0x000000000010ecd6       0x92 binaries/lfiballoc.o
                0x000000000010ecd6                lfiballoc
 .text          0x000000000010ed68       0x45 binaries/lfibclear.o
                0x000000000010ed68                lfibclear
 .text          0x000000000010edad       0xbc binaries/lfibget.o
                0x000000000010edad                lfibget
 .text          0x000000000010ee69       0xeb binaries/lfibput.o
                0x000000000010ee69                lfibput
 .text          0x000000000010ef54       0xbb binaries/lflclose.o
                0x000000000010ef54                lflclose
 .text          0x000000000010f00f       0xef binaries/lflcontrol.o
                0x000000000010f00f                lflcontrol
 .text          0x000000000010f0fe      0x104 binaries/lflgetc.o
                0x000000000010f0fe                lflgetc
 .text          0x000000000010f202      0x102 binaries/lflinit.o
                0x000000000010f202                lflinit
 .text          0x000000000010f304      0x13a binaries/lflputc.o
                0x000000000010f304                lflputc
 .text          0x000000000010f43e       0x7f binaries/lflread.o
                0x000000000010f43e                lflread
 .text          0x000000000010f4bd       0xbe binaries/lflseek.o
                0x000000000010f4bd                lflseek
 .text          0x000000000010f57b       0x64 binaries/lflwrite.o
                0x000000000010f57b                lflwrite
 .text          0x000000000010f5df       0x6c binaries/lfscheck.o
                0x000000000010f5df                lfscheck
 .text          0x000000000010f64b      0x194 binaries/lfsckfmt.o
                0x000000000010f64b                lfsckfmt
 .text          0x000000000010f7df      0x1e3 binaries/lfscreate.o
                0x000000000010f7df                lfscreate
 .text          0x000000000010f9c2      0x2a3 binaries/lfsetup.o
                0x000000000010f9c2                lfsetup
 .text          0x000000000010fc65       0x81 binaries/lfsinit.o
                0x000000000010fc65                lfsinit
 .text          0x000000000010fce6      0x411 binaries/lfsopen.o
                0x000000000010fce6                lfsopen
 .text          0x00000000001100f7      0x18a binaries/lftruncate.o
                0x00000000001100f7                lftruncate
 .text          0x0000000000110281       0x9b binaries/rflclose.o
                0x0000000000110281                rflclose
 .text          0x000000000011031c       0x42 binaries/rflgetc.o
                0x000000000011031c                rflgetc
 .text          0x000000000011035e       0xc2 binaries/rflinit.o
                0x000000000011035e                rflinit
 .text          0x0000000000110420       0x43 binaries/rflputc.o
                0x0000000000110420                rflputc
 .text          0x0000000000110463      0x9f9 binaries/rflread.o
                0x0000000000110463                rflread
                0x0000000000110861                rflread_cached
                0x0000000000110e36                rflread_wrapper
 .text          0x0000000000110e5c       0x91 binaries/rflseek.o
                0x0000000000110e5c                rflseek
 .text          0x0000000000110eed      0x380 binaries/rflwrite.o
                0x0000000000110eed                rflwrite
 .text          0x000000000011126d      0xc10 binaries/rfscache.o
                0x000000000011126d                byte_to_index
                0x000000000011129e                print_cache_list
                0x0000000000111323                dump_cache_blocks
                0x00000000001113a2                print_lru_list
                0x0000000000111516                update_lru
                0x00000000001115d1                rfs_cache_fetch
                0x000000000011177b                get_new_cblock
                0x0000000000111945                insert_into_clist
                0x0000000000111a92                rfs_cache_store
 .text          0x0000000000111e7d      0x22d binaries/rfscomm.o
                0x0000000000111e7d                rfscomm
 .text          0x00000000001120aa      0x640 binaries/rfscontrol.o
                0x00000000001120aa                rfscontrol
 .text          0x00000000001126ea       0xe2 binaries/rfsgetmode.o
                0x00000000001126ea                rfsgetmode
 .text          0x00000000001127cc      0x119 binaries/rfsinit.o
                0x00000000001127cc                rfsinit
 .text          0x00000000001128e5      0x122 binaries/rfsndmsg.o
                0x00000000001128e5                rfsndmsg
 .text          0x0000000000112a07      0x2e2 binaries/rfsopen.o
                0x0000000000112a07                rfsopen
 .text          0x0000000000112ce9      0x8e6 binaries/arp.o
                0x0000000000112ce9                arp_init
                0x0000000000112d2f                arp_resolve
                0x000000000011301d                arp_in
                0x00000000001132ff                arp_alloc
                0x00000000001133e1                arp_ntoh
                0x00000000001134d8                arp_hton
 .text          0x00000000001135cf      0x97b binaries/dhcp.o
                0x00000000001135cf                dhcp_get_opt_val
                0x0000000000113632                dhcp_bld_bootp_msg
                0x0000000000113759                dhcp_bld_disc
                0x000000000011384c                dhcp_bld_req
                0x00000000001139cf                getlocalip
 .text          0x0000000000113f4a      0x5f4 binaries/dns.o
                0x0000000000113f4a                dnslookup
 .text          0x000000000011453e       0xee binaries/dot2ip.o
                0x000000000011453e                dot2ip
 .text          0x000000000011462c      0x528 binaries/hexdump.o
                0x000000000011462c                hexdump
                0x00000000001147fa                hexadump
 .text          0x0000000000114b54      0x940 binaries/icmp.o
                0x0000000000114b54                icmp_init
                0x0000000000114b9a                icmp_in
                0x0000000000114d7b                icmp_register
                0x0000000000114e85                icmp_recv
                0x0000000000115023                icmp_send
                0x00000000001150b8                icmp_mkpkt
                0x00000000001151ec                icmp_release
                0x00000000001152f9                icmp_cksum
                0x0000000000115396                icmp_hton
                0x0000000000115415                icmp_ntoh
 .text          0x0000000000115494      0x96c binaries/ip.o
                0x0000000000115494                ip_in
                0x0000000000115639                ip_send
                0x00000000001157bb                ip_local
                0x000000000011581c                ip_out
                0x0000000000115964                ipcksum
                0x00000000001159f4                ip_ntoh
                0x0000000000115aeb                ip_hton
                0x0000000000115be2                ipout
                0x0000000000115d39                ip_enqueue
 .text          0x0000000000115e00      0x337 binaries/net.o
                0x0000000000115e00                net_init
                0x0000000000115f60                netin
                0x000000000011602e                eth_hton
                0x0000000000116063                eth_ntoh
                0x0000000000116098                getport
 .text          0x0000000000116137     0x15bc binaries/pdump.o
                0x0000000000116137                pdump
                0x0000000000116f8f                pdumph
 .text          0x00000000001176f3      0x4ee binaries/tftp.o
                0x00000000001176f3                tftp_send1
                0x0000000000117886                tftpget
 .text          0x0000000000117be1      0xc1c binaries/udp.o
                0x0000000000117be1                udp_init
                0x0000000000117c27                udp_in
                0x0000000000117d7a                udp_register
                0x0000000000117ec9                udp_recv
                0x0000000000118078                udp_recvaddr
                0x000000000011823f                udp_send
                0x0000000000118435                udp_sendto
                0x00000000001185f3                udp_release
                0x00000000001186ff                udp_ntoh
                0x000000000011877e                udp_hton
 .text          0x00000000001187fd      0x14d binaries/addargs.o
                0x00000000001187fd                addargs
 .text          0x000000000011894a      0x2d1 binaries/lexan.o
                0x000000000011894a                lexan
 .text          0x0000000000118c1b      0x6dd binaries/shell.o
                0x0000000000118c1b                shell
 .text          0x00000000001192f8       0x7e binaries/xsh_argecho.o
                0x00000000001192f8                xsh_argecho
 .text          0x0000000000119376      0x2cc binaries/xsh_arp.o
                0x0000000000119376                xsh_arp
 .text          0x0000000000119642      0x2ae binaries/xsh_cat.o
                0x0000000000119642                xsh_cat
 .text          0x00000000001198f0       0x7a binaries/xsh_clear.o
                0x00000000001198f0                xsh_clear
 .text          0x000000000011996a      0x354 binaries/xsh_date.o
                0x000000000011996a                xsh_date
 .text          0x0000000000119cbe       0xcb binaries/xsh_devdump.o
                0x0000000000119cbe                xsh_devdump
 .text          0x0000000000119d89       0x87 binaries/xsh_echo.o
                0x0000000000119d89                xsh_echo
 .text          0x0000000000119e10       0x14 binaries/xsh_exit.o
                0x0000000000119e10                xsh_exit
 .text          0x0000000000119e24      0x3e9 binaries/xsh_help.o
                0x0000000000119e24                xsh_help
 .text          0x000000000011a20d      0x287 binaries/xsh_kill.o
                0x000000000011a20d                xsh_kill
 .text          0x000000000011a494      0x23e binaries/xsh_ls.o
                0x000000000011a494                xsh_ls
 .text          0x000000000011a6d2      0x5ad binaries/xsh_memdump.o
                0x000000000011a6d2                xsh_memdump
 .text          0x000000000011ac7f      0x316 binaries/xsh_memstat.o
                0x000000000011ac7f                xsh_memstat
 .text          0x000000000011af95      0x5d5 binaries/xsh_netinfo.o
                0x000000000011af95                xsh_netinfo
 .text          0x000000000011b56a      0x4e7 binaries/xsh_ping.o
                0x000000000011b56a                xsh_ping
 .text          0x000000000011ba51      0x27c binaries/xsh_ps.o
                0x000000000011ba51                xsh_ps
 .text          0x000000000011bccd      0x265 binaries/xsh_sleep.o
                0x000000000011bccd                xsh_sleep
 .text          0x000000000011bf32      0x2d8 binaries/xsh_udpdump.o
                0x000000000011bf32                xsh_udpdump
 .text          0x000000000011c20a      0x5e7 binaries/xsh_udpecho.o
                0x000000000011c20a                xsh_udpecho
 .text          0x000000000011c7f1      0x2fb binaries/xsh_udpserver.o
                0x000000000011c7f1                xsh_udpeserver
 .text          0x000000000011caec      0x230 binaries/xsh_uptime.o
                0x000000000011caec                xsh_uptime
 .text          0x000000000011cd1c        0xe binaries/clkdisp.o
                0x000000000011cd1c                clkdisp
 .text          0x000000000011cd2a       0x19 binaries/ctxsw.o
                0x000000000011cd2a                ctxsw
 .text          0x000000000011cd43      0x30a binaries/intr.o
                0x000000000011cd43                disable
                0x000000000011cd4c                restore
                0x000000000011cd5a                enable
                0x000000000011cd5c                pause
                0x000000000011cd63                halt
                0x000000000011cd66                spurious_irq7
                0x000000000011cd6b                spurious_irq15
                0x000000000011cd7a                _Xint0
                0x000000000011cd82                _Xint1
                0x000000000011cd8a                _Xint2
                0x000000000011cd92                _Xint3
                0x000000000011cd9a                _Xint4
                0x000000000011cda2                _Xint5
                0x000000000011cdad                _Xint6
                0x000000000011cdb5                _Xint7
                0x000000000011cdbd                _Xint8
                0x000000000011cdc5                _Xint9
                0x000000000011cdcd                _Xint10
                0x000000000011cdd5                _Xint11
                0x000000000011cddd                _Xint12
                0x000000000011cde5                _Xint13
                0x000000000011cded                _Xint14
                0x000000000011cdf8                _Xint15
                0x000000000011ce03                _Xint16
                0x000000000011ce0e                _Xint17
                0x000000000011ce19                _Xint18
                0x000000000011ce24                _Xint19
                0x000000000011ce2f                _Xint20
                0x000000000011ce3a                _Xint21
                0x000000000011ce45                _Xint22
                0x000000000011ce50                _Xint23
                0x000000000011ce5b                _Xint24
                0x000000000011ce66                _Xint25
                0x000000000011ce71                _Xint26
                0x000000000011ce7c                _Xint27
                0x000000000011ce87                _Xint28
                0x000000000011ce92                _Xint29
                0x000000000011ce9d                _Xint30
                0x000000000011cea8                _Xint31
                0x000000000011ceb3                _extint
                0x000000000011cec7                _Xint32
                0x000000000011ced3                _Xint33
                0x000000000011cedf                _Xint34
                0x000000000011ceeb                _Xint35
                0x000000000011cef7                _Xint36
                0x000000000011cf03                _Xint37
                0x000000000011cf0f                _Xint38
                0x000000000011cf1b                _Xint39
                0x000000000011cf27                _Xint40
                0x000000000011cf33                _Xint41
                0x000000000011cf42                _Xint42
                0x000000000011cf51                _Xint43
                0x000000000011cf60                _Xint44
                0x000000000011cf6f                _Xint45
                0x000000000011cf7e                _Xint46
                0x000000000011cf8d                defevec
 .text          0x000000000011d04d        0xf binaries/ttydispatch.o
                0x000000000011d04d                ttydispatch
 .text          0x000000000011d05c       0x13 binaries/ethdispatch.o
                0x000000000011d05c                ethdispatch
 *(.rodata .rodata.*)
 *fill*         0x000000000011d06f        0x1 
 .rodata        0x000000000011d070       0x8e binaries/ascdate.o
 .rodata        0x000000000011d0fe       0xae binaries/conf.o
 .rodata        0x000000000011d1ac       0x83 binaries/early_imr.o
 *fill*         0x000000000011d22f        0x1 
 .rodata        0x000000000011d230      0x231 binaries/evec.o
 *fill*         0x000000000011d461        0x3 
 .rodata        0x000000000011d464       0x61 binaries/getutime.o
 *fill*         0x000000000011d4c5        0x3 
 .rodata        0x000000000011d4c8      0x187 binaries/initialize.o
 *fill*         0x000000000011d64f        0x1 
 .rodata        0x000000000011d650       0x20 binaries/kill.o
 .rodata        0x000000000011d670      0x1a8 binaries/main.o
 .rodata        0x000000000011d818       0x3e binaries/meminit.o
 .rodata        0x000000000011d856        0xf binaries/panic.o
 *fill*         0x000000000011d865        0x3 
 .rodata        0x000000000011d868       0x20 binaries/pci.o
 .rodata        0x000000000011d888       0x1d binaries/ptinit.o
 *fill*         0x000000000011d8a5        0x3 
 .rodata        0x000000000011d8a8       0x25 binaries/ptsend.o
 .rodata        0x000000000011d8cd       0x22 binaries/quark_pdat.o
 *fill*         0x000000000011d8ef       0x11 
 .rodata        0x000000000011d900     0x1340 binaries/rfstests.o
 .rodata        0x000000000011ec40       0xb7 binaries/stacktrace.o
 *fill*         0x000000000011ecf7        0x1 
 .rodata        0x000000000011ecf8       0x27 binaries/xdone.o
 *fill*         0x000000000011ed1f        0x1 
 .rodata        0x000000000011ed20       0x81 binaries/ctype_.o
                0x000000000011ed20                _ctype_
 *fill*         0x000000000011eda1        0x3 
 .rodata        0x000000000011eda4       0xee binaries/doprnt.o
 *fill*         0x000000000011ee92        0x2 
 .rodata        0x000000000011ee94       0x98 binaries/doscan.o
 .rodata        0x000000000011ef2c       0xae binaries/fdoprnt.o
 *fill*         0x000000000011efda        0x2 
 .rodata        0x000000000011efdc       0x20 binaries/ttycontrol.o
 .rodata        0x000000000011effc       0x34 binaries/ttyhandler.o
 .rodata        0x000000000011f030       0x80 binaries/naminit.o
 .rodata        0x000000000011f0b0       0x46 binaries/ethinit.o
 *fill*         0x000000000011f0f6        0x2 
 .rodata        0x000000000011f0f8       0x2c binaries/rdsbufalloc.o
 .rodata        0x000000000011f124       0x76 binaries/rdscomm.o
 *fill*         0x000000000011f19a        0x2 
 .rodata        0x000000000011f19c       0x48 binaries/rdscontrol.o
 .rodata        0x000000000011f1e4       0x96 binaries/rdsinit.o
 *fill*         0x000000000011f27a        0x2 
 .rodata        0x000000000011f27c       0x22 binaries/rdsopen.o
 *fill*         0x000000000011f29e        0x2 
 .rodata        0x000000000011f2a0       0x4d binaries/rdsprocess.o
 .rodata        0x000000000011f2ed        0x9 binaries/raminit.o
 *fill*         0x000000000011f2f6        0x2 
 .rodata        0x000000000011f2f8       0x37 binaries/lfdballoc.o
 .rodata        0x000000000011f32f       0x14 binaries/lfiballoc.o
 *fill*         0x000000000011f343        0x1 
 .rodata        0x000000000011f344       0x23 binaries/lflcontrol.o
 *fill*         0x000000000011f367        0x1 
 .rodata        0x000000000011f368      0x11b binaries/lfsckfmt.o
 *fill*         0x000000000011f483        0x1 
 .rodata        0x000000000011f484       0x2a binaries/lfsopen.o
 *fill*         0x000000000011f4ae        0x2 
 .rodata        0x000000000011f4b0       0x4a binaries/rflread.o
 *fill*         0x000000000011f4fa        0x2 
 .rodata        0x000000000011f4fc       0x21 binaries/rflwrite.o
 *fill*         0x000000000011f51d        0x3 
 .rodata        0x000000000011f520      0x1c6 binaries/rfscache.o
 *fill*         0x000000000011f6e6        0x2 
 .rodata        0x000000000011f6e8       0x7d binaries/rfscomm.o
 *fill*         0x000000000011f765        0x3 
 .rodata        0x000000000011f768       0x8c binaries/rfscontrol.o
 .rodata        0x000000000011f7f4       0x83 binaries/rfsinit.o
 *fill*         0x000000000011f877        0x1 
 .rodata        0x000000000011f878       0x2a binaries/rfsndmsg.o
 *fill*         0x000000000011f8a2        0x2 
 .rodata        0x000000000011f8a4       0x22 binaries/rfsopen.o
 *fill*         0x000000000011f8c6        0x2 
 .rodata        0x000000000011f8c8       0x3a binaries/arp.o
 *fill*         0x000000000011f902        0x2 
 .rodata        0x000000000011f904       0xcf binaries/dhcp.o
 .rodata        0x000000000011f9d3       0x1a binaries/dns.o
 *fill*         0x000000000011f9ed        0x3 
 .rodata        0x000000000011f9f0       0xc9 binaries/hexdump.o
 *fill*         0x000000000011fab9        0x3 
 .rodata        0x000000000011fabc       0x29 binaries/icmp.o
 *fill*         0x000000000011fae5        0x3 
 .rodata        0x000000000011fae8       0x6e binaries/ip.o
 *fill*         0x000000000011fb56        0x2 
 .rodata        0x000000000011fb58       0x4f binaries/net.o
 *fill*         0x000000000011fba7        0x1 
 .rodata        0x000000000011fba8      0x26f binaries/pdump.o
 *fill*         0x000000000011fe17        0x1 
 .rodata        0x000000000011fe18      0x10c binaries/tftp.o
 .rodata        0x000000000011ff24      0x2c1 binaries/shell.o
 .rodata        0x00000000001201e5       0x28 binaries/xsh_argecho.o
 *fill*         0x000000000012020d        0x3 
 .rodata        0x0000000000120210      0x123 binaries/xsh_arp.o
 *fill*         0x0000000000120333        0x1 
 .rodata        0x0000000000120334       0xc9 binaries/xsh_cat.o
 .rodata        0x00000000001203fd       0x19 binaries/xsh_clear.o
 *fill*         0x0000000000120416        0x2 
 .rodata        0x0000000000120418      0x1c3 binaries/xsh_date.o
 .rodata        0x00000000001205db       0x5d binaries/xsh_devdump.o
 .rodata        0x0000000000120638        0x9 binaries/xsh_echo.o
 *fill*         0x0000000000120641        0x3 
 .rodata        0x0000000000120644      0x169 binaries/xsh_help.o
 *fill*         0x00000000001207ad        0x3 
 .rodata        0x00000000001207b0      0x12e binaries/xsh_kill.o
 *fill*         0x00000000001208de        0x2 
 .rodata        0x00000000001208e0       0xea binaries/xsh_ls.o
 *fill*         0x00000000001209ca        0x2 
 .rodata        0x00000000001209cc      0x266 binaries/xsh_memdump.o
 *fill*         0x0000000000120c32        0x2 
 .rodata        0x0000000000120c34      0x225 binaries/xsh_memstat.o
 *fill*         0x0000000000120e59        0x3 
 .rodata        0x0000000000120e5c      0x1b0 binaries/xsh_netinfo.o
 .rodata        0x000000000012100c      0x1a1 binaries/xsh_ping.o
 *fill*         0x00000000001211ad        0x3 
 .rodata        0x00000000001211b0      0x1a8 binaries/xsh_ps.o
 .rodata        0x0000000000121358       0xeb binaries/xsh_sleep.o
 *fill*         0x0000000000121443        0x1 
 .rodata        0x0000000000121444      0x1b8 binaries/xsh_udpdump.o
 .rodata        0x00000000001215fc      0x251 binaries/xsh_udpecho.o
 *fill*         0x000000000012184d        0x3 
 .rodata        0x0000000000121850      0x12b binaries/xsh_udpserver.o
 *fill*         0x000000000012197b        0x1 
 .rodata        0x000000000012197c      0x105 binaries/xsh_uptime.o
                0x0000000000121a81                etext = ABSOLUTE (.)
                0x0000000000122000                . = ALIGN (0x1000)
 *fill*         0x0000000000121a81      0x57f 

.eh_frame       0x0000000000122000     0x353c
 .eh_frame      0x0000000000122000       0x50 binaries/ascdate.o
 .eh_frame      0x0000000000122050       0x34 binaries/bufinit.o
                                         0x4c (size before relaxing)
 .eh_frame      0x0000000000122084       0x38 binaries/chprio.o
                                         0x50 (size before relaxing)
 .eh_frame      0x00000000001220bc       0x28 binaries/clkhandler.o
                                         0x54 (size before relaxing)
 .eh_frame      0x00000000001220e4       0x24 binaries/clkinit.o
                                         0x50 (size before relaxing)
 .eh_frame      0x0000000000122108       0x24 binaries/close.o
                                         0x50 (size before relaxing)
 .eh_frame      0x000000000012212c       0x24 binaries/control.o
                                         0x50 (size before relaxing)
 .eh_frame      0x0000000000122150       0x48 binaries/create.o
                                         0x88 (size before relaxing)
 .eh_frame      0x0000000000122198      0x114 binaries/early_imr.o
                                        0x154 (size before relaxing)
 .eh_frame      0x00000000001222ac      0x104 binaries/evec.o
                                        0x144 (size before relaxing)
 .eh_frame      0x00000000001223b0       0x24 binaries/exit.o
                                         0x50 (size before relaxing)
 .eh_frame      0x00000000001223d4       0x24 binaries/freebuf.o
                                         0x50 (size before relaxing)
 .eh_frame      0x00000000001223f8       0x24 binaries/freemem.o
                                         0x50 (size before relaxing)
 .eh_frame      0x000000000012241c       0x24 binaries/getbuf.o
                                         0x50 (size before relaxing)
 .eh_frame      0x0000000000122440       0x24 binaries/getc.o
                                         0x50 (size before relaxing)
 .eh_frame      0x0000000000122464       0x24 binaries/getdev.o
                                         0x50 (size before relaxing)
 .eh_frame      0x0000000000122488       0x64 binaries/getitem.o
                                         0xa4 (size before relaxing)
 .eh_frame      0x00000000001224ec       0x24 binaries/getmem.o
                                         0x50 (size before relaxing)
 .eh_frame      0x0000000000122510       0x20 binaries/getpid.o
                                         0x4c (size before relaxing)
 .eh_frame      0x0000000000122530       0x24 binaries/getprio.o
                                         0x50 (size before relaxing)
 .eh_frame      0x0000000000122554       0x24 binaries/getstk.o
                                         0x50 (size before relaxing)
 .eh_frame      0x0000000000122578       0x20 binaries/getticks.o
                                         0x4c (size before relaxing)
 .eh_frame      0x0000000000122598       0x24 binaries/gettime.o
                                         0x50 (size before relaxing)
 .eh_frame      0x00000000001225bc       0x24 binaries/getutime.o
                                         0x50 (size before relaxing)
 .eh_frame      0x00000000001225e0       0x24 binaries/init.o
                                         0x50 (size before relaxing)
 .eh_frame      0x0000000000122604       0xa8 binaries/initialize.o
                                         0xe8 (size before relaxing)
 .eh_frame      0x00000000001226ac       0x24 binaries/insert.o
                                         0x50 (size before relaxing)
 .eh_frame      0x00000000001226d0       0x28 binaries/insertd.o
                                         0x54 (size before relaxing)
 .eh_frame      0x00000000001226f8       0x20 binaries/ioerr.o
                                         0x4c (size before relaxing)
 .eh_frame      0x0000000000122718       0x20 binaries/ionull.o
                                         0x4c (size before relaxing)
 .eh_frame      0x0000000000122738       0x2c binaries/kill.o
                                         0x58 (size before relaxing)
 .eh_frame      0x0000000000122764       0x6c binaries/kprintf.o
                                         0xac (size before relaxing)
 .eh_frame      0x00000000001227d0       0x34 binaries/main.o
                                         0x60 (size before relaxing)
 .eh_frame      0x0000000000122804       0x48 binaries/mark.o
                                         0x74 (size before relaxing)
 .eh_frame      0x000000000012284c       0x54 binaries/meminit.o
                                         0x94 (size before relaxing)
 .eh_frame      0x00000000001228a0       0x24 binaries/mkbufpool.o
                                         0x50 (size before relaxing)
 .eh_frame      0x00000000001228c4       0x24 binaries/newqueue.o
                                         0x50 (size before relaxing)
 .eh_frame      0x00000000001228e8       0x24 binaries/open.o
                                         0x50 (size before relaxing)
 .eh_frame      0x000000000012290c       0x1c binaries/panic.o
                                         0x48 (size before relaxing)
 .eh_frame      0x0000000000122928      0x1e4 binaries/pci.o
                                        0x224 (size before relaxing)
 .eh_frame      0x0000000000122b0c       0x6c binaries/platinit.o
                                         0xac (size before relaxing)
 .eh_frame      0x0000000000122b78       0x24 binaries/ptclear.o
                                         0x50 (size before relaxing)
 .eh_frame      0x0000000000122b9c       0x24 binaries/ptcount.o
                                         0x50 (size before relaxing)
 .eh_frame      0x0000000000122bc0       0x24 binaries/ptcreate.o
                                         0x50 (size before relaxing)
 .eh_frame      0x0000000000122be4       0x24 binaries/ptdelete.o
                                         0x50 (size before relaxing)
 .eh_frame      0x0000000000122c08       0x24 binaries/ptinit.o
                                         0x50 (size before relaxing)
 .eh_frame      0x0000000000122c2c       0x24 binaries/ptrecv.o
                                         0x50 (size before relaxing)
 .eh_frame      0x0000000000122c50       0x24 binaries/ptreset.o
                                         0x50 (size before relaxing)
 .eh_frame      0x0000000000122c74       0x24 binaries/ptsend.o
                                         0x50 (size before relaxing)
 .eh_frame      0x0000000000122c98       0x24 binaries/putc.o
                                         0x50 (size before relaxing)
 .eh_frame      0x0000000000122cbc       0x24 binaries/quark_irq.o
                                         0x50 (size before relaxing)
 .eh_frame      0x0000000000122ce0       0x48 binaries/quark_pdat.o
                                         0x74 (size before relaxing)
 .eh_frame      0x0000000000122d28       0x48 binaries/queue.o
                                         0x88 (size before relaxing)
 .eh_frame      0x0000000000122d70       0x24 binaries/read.o
                                         0x50 (size before relaxing)
 .eh_frame      0x0000000000122d94       0x28 binaries/ready.o
                                         0x54 (size before relaxing)
 .eh_frame      0x0000000000122dbc       0x24 binaries/receive.o
                                         0x50 (size before relaxing)
 .eh_frame      0x0000000000122de0       0x24 binaries/recvclr.o
                                         0x50 (size before relaxing)
 .eh_frame      0x0000000000122e04       0x24 binaries/recvtime.o
                                         0x50 (size before relaxing)
 .eh_frame      0x0000000000122e28       0x48 binaries/resched.o
                                         0x88 (size before relaxing)
 .eh_frame      0x0000000000122e70       0x24 binaries/resume.o
                                         0x50 (size before relaxing)
 .eh_frame      0x0000000000122e94      0x2e4 binaries/rfstests.o
                                        0x324 (size before relaxing)
 .eh_frame      0x0000000000123178       0x24 binaries/seek.o
                                         0x50 (size before relaxing)
 .eh_frame      0x000000000012319c       0x24 binaries/semcount.o
                                         0x50 (size before relaxing)
 .eh_frame      0x00000000001231c0       0x48 binaries/semcreate.o
                                         0x88 (size before relaxing)
 .eh_frame      0x0000000000123208       0x24 binaries/semdelete.o
                                         0x50 (size before relaxing)
 .eh_frame      0x000000000012322c       0x24 binaries/semreset.o
                                         0x50 (size before relaxing)
 .eh_frame      0x0000000000123250       0x24 binaries/send.o
                                         0x50 (size before relaxing)
 .eh_frame      0x0000000000123274       0x24 binaries/signal.o
                                         0x50 (size before relaxing)
 .eh_frame      0x0000000000123298       0x24 binaries/signaln.o
                                         0x50 (size before relaxing)
 .eh_frame      0x00000000001232bc       0x44 binaries/sleep.o
                                         0x84 (size before relaxing)
 .eh_frame      0x0000000000123300       0x24 binaries/stacktrace.o
                                         0x50 (size before relaxing)
 .eh_frame      0x0000000000123324       0x24 binaries/suspend.o
                                         0x50 (size before relaxing)
 .eh_frame      0x0000000000123348       0x24 binaries/unsleep.o
                                         0x50 (size before relaxing)
 .eh_frame      0x000000000012336c       0x24 binaries/userret.o
                                         0x50 (size before relaxing)
 .eh_frame      0x0000000000123390       0x24 binaries/wait.o
                                         0x50 (size before relaxing)
 .eh_frame      0x00000000001233b4       0x24 binaries/wakeup.o
                                         0x50 (size before relaxing)
 .eh_frame      0x00000000001233d8       0x24 binaries/write.o
                                         0x50 (size before relaxing)
 .eh_frame      0x00000000001233fc       0x24 binaries/xdone.o
                                         0x50 (size before relaxing)
 .eh_frame      0x0000000000123420       0x24 binaries/yield.o
                                         0x50 (size before relaxing)
 .eh_frame      0x0000000000123444       0x20 binaries/abs.o
                                         0x4c (size before relaxing)
 .eh_frame      0x0000000000123464       0x20 binaries/atoi.o
                                         0x4c (size before relaxing)
 .eh_frame      0x0000000000123484       0x20 binaries/atol.o
                                         0x4c (size before relaxing)
 .eh_frame      0x00000000001234a4       0x20 binaries/bzero.o
                                         0x4c (size before relaxing)
 .eh_frame      0x00000000001234c4       0xec binaries/doprnt.o
                                        0x140 (size before relaxing)
 .eh_frame      0x00000000001235b0       0xc8 binaries/doscan.o
                                         0xf4 (size before relaxing)
 .eh_frame      0x0000000000123678       0xcc binaries/fdoprnt.o
                                        0x10c (size before relaxing)
 .eh_frame      0x0000000000123744       0x24 binaries/fgetc.o
                                         0x50 (size before relaxing)
 .eh_frame      0x0000000000123768       0x24 binaries/fgets.o
                                         0x50 (size before relaxing)
 .eh_frame      0x000000000012378c       0x24 binaries/fprintf.o
                                         0x50 (size before relaxing)
 .eh_frame      0x00000000001237b0       0x24 binaries/fputc.o
                                         0x50 (size before relaxing)
 .eh_frame      0x00000000001237d4       0x24 binaries/fputs.o
                                         0x50 (size before relaxing)
 .eh_frame      0x00000000001237f8       0x68 binaries/fscanf.o
                                         0x94 (size before relaxing)
 .eh_frame      0x0000000000123860       0x24 binaries/getchar.o
                                         0x50 (size before relaxing)
 .eh_frame      0x0000000000123884       0x20 binaries/labs.o
                                         0x4c (size before relaxing)
 .eh_frame      0x00000000001238a4       0x20 binaries/memcmp.o
                                         0x4c (size before relaxing)
 .eh_frame      0x00000000001238c4       0x28 binaries/memcpy.o
                                         0x54 (size before relaxing)
 .eh_frame      0x00000000001238ec       0x24 binaries/memset.o
                                         0x50 (size before relaxing)
 .eh_frame      0x0000000000123910       0x24 binaries/printf.o
                                         0x50 (size before relaxing)
 .eh_frame      0x0000000000123934       0x24 binaries/putchar.o
                                         0x50 (size before relaxing)
 .eh_frame      0x0000000000123958       0xa4 binaries/qsort.o
                                         0xd0 (size before relaxing)
 .eh_frame      0x00000000001239fc       0x60 binaries/rand.o
                                         0x8c (size before relaxing)
 .eh_frame      0x0000000000123a5c       0x44 binaries/sprintf.o
                                         0x70 (size before relaxing)
 .eh_frame      0x0000000000123aa0       0x64 binaries/sscanf.o
                                         0x90 (size before relaxing)
 .eh_frame      0x0000000000123b04       0x20 binaries/strchr.o
                                         0x4c (size before relaxing)
 .eh_frame      0x0000000000123b24       0x20 binaries/strcmp.o
                                         0x4c (size before relaxing)
 .eh_frame      0x0000000000123b44       0x20 binaries/strcpy.o
                                         0x4c (size before relaxing)
 .eh_frame      0x0000000000123b64       0x20 binaries/strlen.o
                                         0x4c (size before relaxing)
 .eh_frame      0x0000000000123b84       0x20 binaries/strncat.o
                                         0x4c (size before relaxing)
 .eh_frame      0x0000000000123ba4       0x20 binaries/strncmp.o
                                         0x4c (size before relaxing)
 .eh_frame      0x0000000000123bc4       0x28 binaries/strncpy.o
                                         0x54 (size before relaxing)
 .eh_frame      0x0000000000123bec       0x20 binaries/strnlen.o
                                         0x4c (size before relaxing)
 .eh_frame      0x0000000000123c0c       0x20 binaries/strrchr.o
                                         0x4c (size before relaxing)
 .eh_frame      0x0000000000123c2c       0x20 binaries/strstr.o
                                         0x4c (size before relaxing)
 .eh_frame      0x0000000000123c4c       0x24 binaries/ttycontrol.o
                                         0x50 (size before relaxing)
 .eh_frame      0x0000000000123c70       0x24 binaries/ttygetc.o
                                         0x50 (size before relaxing)
 .eh_frame      0x0000000000123c94       0x88 binaries/ttyhandle_in.o
                                         0xdc (size before relaxing)
 .eh_frame      0x0000000000123d1c       0x24 binaries/ttyhandle_out.o
                                         0x50 (size before relaxing)
 .eh_frame      0x0000000000123d40       0x24 binaries/ttyhandler.o
                                         0x50 (size before relaxing)
 .eh_frame      0x0000000000123d64       0x24 binaries/ttyinit.o
                                         0x50 (size before relaxing)
 .eh_frame      0x0000000000123d88       0x20 binaries/ttykickout.o
                                         0x4c (size before relaxing)
 .eh_frame      0x0000000000123da8       0x24 binaries/ttyputc.o
                                         0x50 (size before relaxing)
 .eh_frame      0x0000000000123dcc       0x24 binaries/ttyread.o
                                         0x50 (size before relaxing)
 .eh_frame      0x0000000000123df0       0x24 binaries/ttywrite.o
                                         0x50 (size before relaxing)
 .eh_frame      0x0000000000123e14       0x44 binaries/mount.o
                                         0x84 (size before relaxing)
 .eh_frame      0x0000000000123e58       0x24 binaries/naminit.o
                                         0x50 (size before relaxing)
 .eh_frame      0x0000000000123e7c       0x68 binaries/nammap.o
                                         0xa8 (size before relaxing)
 .eh_frame      0x0000000000123ee4       0x24 binaries/namopen.o
                                         0x50 (size before relaxing)
 .eh_frame      0x0000000000123f08       0x24 binaries/ethcontrol.o
                                         0x50 (size before relaxing)
 .eh_frame      0x0000000000123f2c       0x24 binaries/ethhandler.o
                                         0x50 (size before relaxing)
 .eh_frame      0x0000000000123f50       0xb8 binaries/ethinit.o
                                         0xf8 (size before relaxing)
 .eh_frame      0x0000000000124008       0x48 binaries/ethmcast.o
                                         0x88 (size before relaxing)
 .eh_frame      0x0000000000124050       0x24 binaries/ethread.o
                                         0x50 (size before relaxing)
 .eh_frame      0x0000000000124074       0x24 binaries/ethwrite.o
                                         0x50 (size before relaxing)
 .eh_frame      0x0000000000124098       0x24 binaries/rdsbufalloc.o
                                         0x50 (size before relaxing)
 .eh_frame      0x00000000001240bc       0x20 binaries/rdsclose.o
                                         0x4c (size before relaxing)
 .eh_frame      0x00000000001240dc       0x24 binaries/rdscomm.o
                                         0x50 (size before relaxing)
 .eh_frame      0x0000000000124100       0x24 binaries/rdscontrol.o
                                         0x50 (size before relaxing)
 .eh_frame      0x0000000000124124       0x24 binaries/rdsinit.o
                                         0x50 (size before relaxing)
 .eh_frame      0x0000000000124148       0x24 binaries/rdsopen.o
                                         0x50 (size before relaxing)
 .eh_frame      0x000000000012416c       0x1c binaries/rdsprocess.o
                                         0x48 (size before relaxing)
 .eh_frame      0x0000000000124188       0x24 binaries/rdsread.o
                                         0x50 (size before relaxing)
 .eh_frame      0x00000000001241ac       0x24 binaries/rdswrite.o
                                         0x50 (size before relaxing)
 .eh_frame      0x00000000001241d0       0x20 binaries/ramclose.o
                                         0x4c (size before relaxing)
 .eh_frame      0x00000000001241f0       0x24 binaries/raminit.o
                                         0x50 (size before relaxing)
 .eh_frame      0x0000000000124214       0x20 binaries/ramopen.o
                                         0x4c (size before relaxing)
 .eh_frame      0x0000000000124234       0x24 binaries/ramread.o
                                         0x50 (size before relaxing)
 .eh_frame      0x0000000000124258       0x24 binaries/ramwrite.o
                                         0x50 (size before relaxing)
 .eh_frame      0x000000000012427c       0x24 binaries/lfdballoc.o
                                         0x50 (size before relaxing)
 .eh_frame      0x00000000001242a0       0x24 binaries/lfdbfree.o
                                         0x50 (size before relaxing)
 .eh_frame      0x00000000001242c4       0x24 binaries/lfflush.o
                                         0x50 (size before relaxing)
 .eh_frame      0x00000000001242e8       0x20 binaries/lfgetmode.o
                                         0x4c (size before relaxing)
 .eh_frame      0x0000000000124308       0x24 binaries/lfiballoc.o
                                         0x50 (size before relaxing)
 .eh_frame      0x000000000012432c       0x20 binaries/lfibclear.o
                                         0x4c (size before relaxing)
 .eh_frame      0x000000000012434c       0x24 binaries/lfibget.o
                                         0x50 (size before relaxing)
 .eh_frame      0x0000000000124370       0x24 binaries/lfibput.o
                                         0x50 (size before relaxing)
 .eh_frame      0x0000000000124394       0x24 binaries/lflclose.o
                                         0x50 (size before relaxing)
 .eh_frame      0x00000000001243b8       0x24 binaries/lflcontrol.o
                                         0x50 (size before relaxing)
 .eh_frame      0x00000000001243dc       0x24 binaries/lflgetc.o
                                         0x50 (size before relaxing)
 .eh_frame      0x0000000000124400       0x24 binaries/lflinit.o
                                         0x50 (size before relaxing)
 .eh_frame      0x0000000000124424       0x24 binaries/lflputc.o
                                         0x50 (size before relaxing)
 .eh_frame      0x0000000000124448       0x24 binaries/lflread.o
                                         0x50 (size before relaxing)
 .eh_frame      0x000000000012446c       0x24 binaries/lflseek.o
                                         0x50 (size before relaxing)
 .eh_frame      0x0000000000124490       0x24 binaries/lflwrite.o
                                         0x50 (size before relaxing)
 .eh_frame      0x00000000001244b4       0x20 binaries/lfscheck.o
                                         0x4c (size before relaxing)
 .eh_frame      0x00000000001244d4       0x24 binaries/lfsckfmt.o
                                         0x50 (size before relaxing)
 .eh_frame      0x00000000001244f8       0x24 binaries/lfscreate.o
                                         0x50 (size before relaxing)
 .eh_frame      0x000000000012451c       0x24 binaries/lfsetup.o
                                         0x50 (size before relaxing)
 .eh_frame      0x0000000000124540       0x24 binaries/lfsinit.o
                                         0x50 (size before relaxing)
 .eh_frame      0x0000000000124564       0x24 binaries/lfsopen.o
                                         0x50 (size before relaxing)
 .eh_frame      0x0000000000124588       0x24 binaries/lftruncate.o
                                         0x50 (size before relaxing)
 .eh_frame      0x00000000001245ac       0x24 binaries/rflclose.o
                                         0x50 (size before relaxing)
 .eh_frame      0x00000000001245d0       0x24 binaries/rflgetc.o
                                         0x50 (size before relaxing)
 .eh_frame      0x00000000001245f4       0x20 binaries/rflinit.o
                                         0x4c (size before relaxing)
 .eh_frame      0x0000000000124614       0x24 binaries/rflputc.o
                                         0x50 (size before relaxing)
 .eh_frame      0x0000000000124638       0x68 binaries/rflread.o
                                         0xa8 (size before relaxing)
 .eh_frame      0x00000000001246a0       0x24 binaries/rflseek.o
                                         0x50 (size before relaxing)
 .eh_frame      0x00000000001246c4       0x24 binaries/rflwrite.o
                                         0x50 (size before relaxing)
 .eh_frame      0x00000000001246e8      0x13c binaries/rfscache.o
                                        0x17c (size before relaxing)
 .eh_frame      0x0000000000124824       0x24 binaries/rfscomm.o
                                         0x50 (size before relaxing)
 .eh_frame      0x0000000000124848       0x2c binaries/rfscontrol.o
                                         0x58 (size before relaxing)
 .eh_frame      0x0000000000124874       0x20 binaries/rfsgetmode.o
                                         0x4c (size before relaxing)
 .eh_frame      0x0000000000124894       0x24 binaries/rfsinit.o
                                         0x50 (size before relaxing)
 .eh_frame      0x00000000001248b8       0x24 binaries/rfsndmsg.o
                                         0x50 (size before relaxing)
 .eh_frame      0x00000000001248dc       0x24 binaries/rfsopen.o
                                         0x50 (size before relaxing)
 .eh_frame      0x0000000000124900       0xd0 binaries/arp.o
                                        0x124 (size before relaxing)
 .eh_frame      0x00000000001249d0       0xac binaries/dhcp.o
                                         0xec (size before relaxing)
 .eh_frame      0x0000000000124a7c       0x90 binaries/dns.o
                                         0xd0 (size before relaxing)
 .eh_frame      0x0000000000124b0c       0x20 binaries/dot2ip.o
                                         0x4c (size before relaxing)
 .eh_frame      0x0000000000124b2c       0x48 binaries/hexdump.o
                                         0x74 (size before relaxing)
 .eh_frame      0x0000000000124b74      0x168 binaries/icmp.o
                                        0x1bc (size before relaxing)
 .eh_frame      0x0000000000124cdc      0x130 binaries/ip.o
                                        0x170 (size before relaxing)
 .eh_frame      0x0000000000124e0c       0xa8 binaries/net.o
                                         0xfc (size before relaxing)
 .eh_frame      0x0000000000124eb4       0x60 binaries/pdump.o
                                         0xa0 (size before relaxing)
 .eh_frame      0x0000000000124f14       0x54 binaries/tftp.o
                                         0x80 (size before relaxing)
 .eh_frame      0x0000000000124f68      0x160 binaries/udp.o
                                        0x1b4 (size before relaxing)
 .eh_frame      0x00000000001250c8       0x24 binaries/addargs.o
                                         0x50 (size before relaxing)
 .eh_frame      0x00000000001250ec       0x20 binaries/lexan.o
                                         0x4c (size before relaxing)
 .eh_frame      0x000000000012510c       0x2c binaries/shell.o
                                         0x58 (size before relaxing)
 .eh_frame      0x0000000000125138       0x24 binaries/xsh_argecho.o
                                         0x50 (size before relaxing)
 .eh_frame      0x000000000012515c       0x48 binaries/xsh_arp.o
                                         0x74 (size before relaxing)
 .eh_frame      0x00000000001251a4       0x2c binaries/xsh_cat.o
                                         0x58 (size before relaxing)
 .eh_frame      0x00000000001251d0       0x28 binaries/xsh_clear.o
                                         0x54 (size before relaxing)
 .eh_frame      0x00000000001251f8       0x2c binaries/xsh_date.o
                                         0x58 (size before relaxing)
 .eh_frame      0x0000000000125224       0x24 binaries/xsh_devdump.o
                                         0x50 (size before relaxing)
 .eh_frame      0x0000000000125248       0x24 binaries/xsh_echo.o
                                         0x50 (size before relaxing)
 .eh_frame      0x000000000012526c       0x20 binaries/xsh_exit.o
                                         0x4c (size before relaxing)
 .eh_frame      0x000000000012528c       0x2c binaries/xsh_help.o
                                         0x58 (size before relaxing)
 .eh_frame      0x00000000001252b8       0x2c binaries/xsh_kill.o
                                         0x58 (size before relaxing)
 .eh_frame      0x00000000001252e4       0x24 binaries/xsh_ls.o
                                         0x50 (size before relaxing)
 .eh_frame      0x0000000000125308       0x4c binaries/xsh_memdump.o
                                         0x8c (size before relaxing)
 .eh_frame      0x0000000000125354       0x74 binaries/xsh_memstat.o
                                         0xa0 (size before relaxing)
 .eh_frame      0x00000000001253c8       0x30 binaries/xsh_netinfo.o
                                         0x5c (size before relaxing)
 .eh_frame      0x00000000001253f8       0x30 binaries/xsh_ping.o
                                         0x5c (size before relaxing)
 .eh_frame      0x0000000000125428       0x30 binaries/xsh_ps.o
                                         0x5c (size before relaxing)
 .eh_frame      0x0000000000125458       0x2c binaries/xsh_sleep.o
                                         0x58 (size before relaxing)
 .eh_frame      0x0000000000125484       0x2c binaries/xsh_udpdump.o
                                         0x58 (size before relaxing)
 .eh_frame      0x00000000001254b0       0x30 binaries/xsh_udpecho.o
                                         0x5c (size before relaxing)
 .eh_frame      0x00000000001254e0       0x30 binaries/xsh_udpserver.o
                                         0x5c (size before relaxing)
 .eh_frame      0x0000000000125510       0x2c binaries/xsh_uptime.o
                                         0x58 (size before relaxing)

.iplt           0x0000000000125540        0x0
 .iplt          0x0000000000125540        0x0 binaries/start.o

.rel.dyn        0x000000000012553c        0x0
 .rel.got       0x000000000012553c        0x0 binaries/start.o
 .rel.iplt      0x000000000012553c        0x0 binaries/start.o
 .rel.text      0x000000000012553c        0x0 binaries/start.o

.data           0x0000000000125540     0x1ac0
                0x0000000000125540                data = ABSOLUTE (.)
 *(.data .data.*)
 .data          0x0000000000125540      0x83a binaries/start.o
                0x0000000000125540                gdt
                0x0000000000125570                idt
                0x0000000000125d76                cpudelay
 .data          0x0000000000125d7a        0x0 binaries/ascdate.o
 *fill*         0x0000000000125d7a        0x6 
 .data.rel.local
                0x0000000000125d80       0x88 binaries/ascdate.o
                0x0000000000125d80                Date
 .data          0x0000000000125e08        0x0 binaries/bufinit.o
 .data          0x0000000000125e08        0x0 binaries/chprio.o
 .data          0x0000000000125e08        0x0 binaries/clkhandler.o
 .data          0x0000000000125e08        0x4 binaries/clkinit.o
                0x0000000000125e08                hpet
 .data          0x0000000000125e0c        0x0 binaries/close.o
 .data          0x0000000000125e0c        0x0 binaries/conf.o
 *fill*         0x0000000000125e0c       0x14 
 .data.rel      0x0000000000125e20      0x5a0 binaries/conf.o
                0x0000000000125e20                devtab
 .data          0x00000000001263c0        0x0 binaries/control.o
 .data          0x00000000001263c0        0x4 binaries/create.o
 .data          0x00000000001263c4        0x0 binaries/early_imr.o
 .data          0x00000000001263c4        0x4 binaries/evec.o
                0x00000000001263c4                lapic
 *fill*         0x00000000001263c8       0x18 
 .data.rel.local
                0x00000000001263e0       0x40 binaries/evec.o
                0x00000000001263e0                inames
 .data          0x0000000000126420        0x0 binaries/exit.o
 .data          0x0000000000126420        0x0 binaries/freebuf.o
 .data          0x0000000000126420        0x0 binaries/freemem.o
 .data          0x0000000000126420        0x0 binaries/getbuf.o
 .data          0x0000000000126420        0x0 binaries/getc.o
 .data          0x0000000000126420        0x0 binaries/getdev.o
 .data          0x0000000000126420        0x0 binaries/getitem.o
 .data          0x0000000000126420        0x0 binaries/getmem.o
 .data          0x0000000000126420        0x0 binaries/getpid.o
 .data          0x0000000000126420        0x0 binaries/getprio.o
 .data          0x0000000000126420        0x0 binaries/getstk.o
 .data          0x0000000000126420        0x0 binaries/getticks.o
 .data          0x0000000000126420        0x0 binaries/gettime.o
 .data          0x0000000000126420        0x0 binaries/getutime.o
 .data          0x0000000000126420        0x0 binaries/init.o
 .data          0x0000000000126420        0x0 binaries/initialize.o
 .data          0x0000000000126420        0x0 binaries/insert.o
 .data          0x0000000000126420        0x0 binaries/insertd.o
 .data          0x0000000000126420        0x0 binaries/ioerr.o
 .data          0x0000000000126420        0x0 binaries/ionull.o
 .data          0x0000000000126420        0x0 binaries/kill.o
 .data          0x0000000000126420        0x0 binaries/kprintf.o
 .data          0x0000000000126420        0x0 binaries/main.o
 .data          0x0000000000126420        0x0 binaries/mark.o
 .data          0x0000000000126420       0x40 binaries/meminit.o
                0x0000000000126420                bootsign
                0x0000000000126424                bootinfo
                0x0000000000126440                gdt_copy
 .data          0x0000000000126460        0x0 binaries/mkbufpool.o
 .data          0x0000000000126460        0x2 binaries/newqueue.o
 .data          0x0000000000126462        0x0 binaries/open.o
 .data          0x0000000000126462        0x0 binaries/panic.o
 .data          0x0000000000126462        0x0 binaries/pci.o
 .data          0x0000000000126462        0x0 binaries/platinit.o
 .data          0x0000000000126462        0x0 binaries/ptclear.o
 .data          0x0000000000126462        0x0 binaries/ptcount.o
 .data          0x0000000000126462        0x0 binaries/ptcreate.o
 .data          0x0000000000126462        0x0 binaries/ptdelete.o
 .data          0x0000000000126462        0x0 binaries/ptinit.o
 .data          0x0000000000126462        0x0 binaries/ptrecv.o
 .data          0x0000000000126462        0x0 binaries/ptreset.o
 .data          0x0000000000126462        0x0 binaries/ptsend.o
 .data          0x0000000000126462        0x0 binaries/putc.o
 .data          0x0000000000126462        0x0 binaries/quark_irq.o
 .data          0x0000000000126462        0x0 binaries/quark_pdat.o
 .data          0x0000000000126462        0x0 binaries/queue.o
 .data          0x0000000000126462        0x0 binaries/read.o
 .data          0x0000000000126462        0x0 binaries/ready.o
 .data          0x0000000000126462        0x0 binaries/receive.o
 .data          0x0000000000126462        0x0 binaries/recvclr.o
 .data          0x0000000000126462        0x0 binaries/recvtime.o
 .data          0x0000000000126462        0x0 binaries/resched.o
 .data          0x0000000000126462        0x0 binaries/resume.o
 .data          0x0000000000126462        0x0 binaries/rfstests.o
 .data          0x0000000000126462        0x0 binaries/seek.o
 .data          0x0000000000126462        0x0 binaries/semcount.o
 .data          0x0000000000126462        0x0 binaries/semcreate.o
 .data          0x0000000000126462        0x0 binaries/semdelete.o
 .data          0x0000000000126462        0x0 binaries/semreset.o
 .data          0x0000000000126462        0x0 binaries/send.o
 .data          0x0000000000126462        0x0 binaries/signal.o
 .data          0x0000000000126462        0x0 binaries/signaln.o
 .data          0x0000000000126462        0x0 binaries/sleep.o
 .data          0x0000000000126462        0x0 binaries/stacktrace.o
 .data          0x0000000000126462        0x0 binaries/suspend.o
 .data          0x0000000000126462        0x0 binaries/unsleep.o
 .data          0x0000000000126462        0x0 binaries/userret.o
 .data          0x0000000000126462        0x0 binaries/wait.o
 .data          0x0000000000126462        0x0 binaries/wakeup.o
 .data          0x0000000000126462        0x0 binaries/write.o
 .data          0x0000000000126462        0x0 binaries/xdone.o
 .data          0x0000000000126462        0x0 binaries/yield.o
 .data          0x0000000000126462        0x0 binaries/abs.o
 .data          0x0000000000126462        0x0 binaries/atoi.o
 .data          0x0000000000126462        0x0 binaries/atol.o
 .data          0x0000000000126462        0x0 binaries/bzero.o
 .data          0x0000000000126462        0x0 binaries/ctype_.o
 .data          0x0000000000126462        0x0 binaries/doprnt.o
 *fill*         0x0000000000126462       0x1e 
 .data          0x0000000000126480       0x80 binaries/doscan.o
                0x0000000000126480                _sctab
 .data          0x0000000000126500        0x0 binaries/fdoprnt.o
 .data          0x0000000000126500        0x0 binaries/fgetc.o
 .data          0x0000000000126500        0x0 binaries/fgets.o
 .data          0x0000000000126500        0x0 binaries/fprintf.o
 .data          0x0000000000126500        0x0 binaries/fputc.o
 .data          0x0000000000126500        0x0 binaries/fputs.o
 .data          0x0000000000126500        0x0 binaries/fscanf.o
 .data          0x0000000000126500        0x0 binaries/getchar.o
 .data          0x0000000000126500        0x0 binaries/labs.o
 .data          0x0000000000126500        0x0 binaries/memchr.o
 .data          0x0000000000126500        0x0 binaries/memcmp.o
 .data          0x0000000000126500        0x0 binaries/memcpy.o
 .data          0x0000000000126500        0x0 binaries/memset.o
 .data          0x0000000000126500        0x0 binaries/printf.o
 .data          0x0000000000126500        0x0 binaries/putchar.o
 .data          0x0000000000126500        0x0 binaries/qsort.o
 .data          0x0000000000126500        0x4 binaries/rand.o
 .data          0x0000000000126504        0x0 binaries/sprintf.o
 .data          0x0000000000126504        0x0 binaries/sscanf.o
 .data          0x0000000000126504        0x0 binaries/strchr.o
 .data          0x0000000000126504        0x0 binaries/strcmp.o
 .data          0x0000000000126504        0x0 binaries/strcpy.o
 .data          0x0000000000126504        0x0 binaries/strlen.o
 .data          0x0000000000126504        0x0 binaries/strncat.o
 .data          0x0000000000126504        0x0 binaries/strncmp.o
 .data          0x0000000000126504        0x0 binaries/strncpy.o
 .data          0x0000000000126504        0x0 binaries/strnlen.o
 .data          0x0000000000126504        0x0 binaries/strrchr.o
 .data          0x0000000000126504        0x0 binaries/strstr.o
 .data          0x0000000000126504        0x0 binaries/ttycontrol.o
 .data          0x0000000000126504        0x0 binaries/ttygetc.o
 .data          0x0000000000126504        0x0 binaries/ttyhandle_in.o
 .data          0x0000000000126504        0x0 binaries/ttyhandle_out.o
 .data          0x0000000000126504        0x0 binaries/ttyhandler.o
 .data          0x0000000000126504        0x0 binaries/ttyinit.o
 .data          0x0000000000126504        0x0 binaries/ttykickout.o
 .data          0x0000000000126504        0x0 binaries/ttyputc.o
 .data          0x0000000000126504        0x0 binaries/ttyread.o
 .data          0x0000000000126504        0x0 binaries/ttywrite.o
 .data          0x0000000000126504        0x0 binaries/mount.o
 .data          0x0000000000126504        0x0 binaries/naminit.o
 .data          0x0000000000126504        0x0 binaries/nammap.o
 .data          0x0000000000126504        0x0 binaries/namopen.o
 .data          0x0000000000126504        0x0 binaries/ethcontrol.o
 .data          0x0000000000126504        0x0 binaries/ethhandler.o
 .data          0x0000000000126504        0x0 binaries/ethinit.o
 .data          0x0000000000126504        0x0 binaries/ethmcast.o
 .data          0x0000000000126504        0x0 binaries/ethread.o
 .data          0x0000000000126504        0x0 binaries/ethwrite.o
 .data          0x0000000000126504        0x0 binaries/rdsbufalloc.o
 .data          0x0000000000126504        0x0 binaries/rdsclose.o
 .data          0x0000000000126504        0x0 binaries/rdscomm.o
 .data          0x0000000000126504        0x0 binaries/rdscontrol.o
 .data          0x0000000000126504        0x0 binaries/rdsinit.o
 .data          0x0000000000126504        0x0 binaries/rdsopen.o
 .data          0x0000000000126504        0x0 binaries/rdsprocess.o
 .data          0x0000000000126504        0x0 binaries/rdsread.o
 .data          0x0000000000126504        0x0 binaries/rdswrite.o
 .data          0x0000000000126504        0x0 binaries/ramclose.o
 .data          0x0000000000126504        0x0 binaries/raminit.o
 .data          0x0000000000126504        0x0 binaries/ramopen.o
 .data          0x0000000000126504        0x0 binaries/ramread.o
 .data          0x0000000000126504        0x0 binaries/ramwrite.o
 .data          0x0000000000126504        0x0 binaries/lfdballoc.o
 .data          0x0000000000126504        0x0 binaries/lfdbfree.o
 .data          0x0000000000126504        0x0 binaries/lfflush.o
 .data          0x0000000000126504        0x0 binaries/lfgetmode.o
 .data          0x0000000000126504        0x0 binaries/lfiballoc.o
 .data          0x0000000000126504        0x0 binaries/lfibclear.o
 .data          0x0000000000126504        0x0 binaries/lfibget.o
 .data          0x0000000000126504        0x0 binaries/lfibput.o
 .data          0x0000000000126504        0x0 binaries/lflclose.o
 .data          0x0000000000126504        0x0 binaries/lflcontrol.o
 .data          0x0000000000126504        0x0 binaries/lflgetc.o
 .data          0x0000000000126504        0x0 binaries/lflinit.o
 .data          0x0000000000126504        0x0 binaries/lflputc.o
 .data          0x0000000000126504        0x0 binaries/lflread.o
 .data          0x0000000000126504        0x0 binaries/lflseek.o
 .data          0x0000000000126504        0x0 binaries/lflwrite.o
 .data          0x0000000000126504        0x0 binaries/lfscheck.o
 .data          0x0000000000126504        0x0 binaries/lfsckfmt.o
 .data          0x0000000000126504        0x0 binaries/lfscreate.o
 .data          0x0000000000126504        0x0 binaries/lfsetup.o
 .data          0x0000000000126504        0x0 binaries/lfsinit.o
 .data          0x0000000000126504        0x0 binaries/lfsopen.o
 .data          0x0000000000126504        0x0 binaries/lftruncate.o
 .data          0x0000000000126504        0x0 binaries/rflclose.o
 .data          0x0000000000126504        0x0 binaries/rflgetc.o
 .data          0x0000000000126504        0x0 binaries/rflinit.o
 .data          0x0000000000126504        0x0 binaries/rflputc.o
 .data          0x0000000000126504        0x0 binaries/rflread.o
 .data          0x0000000000126504        0x0 binaries/rflseek.o
 .data          0x0000000000126504        0x0 binaries/rflwrite.o
 .data          0x0000000000126504        0x0 binaries/rfscache.o
 .data          0x0000000000126504        0x0 binaries/rfscomm.o
 .data          0x0000000000126504        0x0 binaries/rfscontrol.o
 .data          0x0000000000126504        0x0 binaries/rfsgetmode.o
 .data          0x0000000000126504        0x0 binaries/rfsinit.o
 .data          0x0000000000126504        0x0 binaries/rfsndmsg.o
 .data          0x0000000000126504        0x0 binaries/rfsopen.o
 .data          0x0000000000126504        0x0 binaries/arp.o
 .data          0x0000000000126504        0x0 binaries/dhcp.o
 .data          0x0000000000126504        0x0 binaries/dns.o
 .data          0x0000000000126504        0x0 binaries/dot2ip.o
 .data          0x0000000000126504        0x0 binaries/hexdump.o
 .data          0x0000000000126504        0x4 binaries/icmp.o
 .data          0x0000000000126508        0x0 binaries/ip.o
 .data          0x0000000000126508        0x0 binaries/net.o
 .data          0x0000000000126508        0x0 binaries/pdump.o
 .data          0x0000000000126508        0x0 binaries/tftp.o
 .data          0x0000000000126508        0x4 binaries/udp.o
 .data          0x000000000012650c        0x0 binaries/addargs.o
 .data          0x000000000012650c        0x0 binaries/lexan.o
 .data          0x000000000012650c        0x4 binaries/shell.o
                0x000000000012650c                ncmd
 *fill*         0x0000000000126510       0x10 
 .data.rel.ro   0x0000000000126520       0xfc binaries/shell.o
                0x0000000000126520                cmdtab
 .data          0x000000000012661c        0x0 binaries/xsh_argecho.o
 .data          0x000000000012661c        0x0 binaries/xsh_arp.o
 .data          0x000000000012661c        0x0 binaries/xsh_cat.o
 .data          0x000000000012661c        0x0 binaries/xsh_clear.o
 .data          0x000000000012661c        0x0 binaries/xsh_date.o
 .data          0x000000000012661c        0x0 binaries/xsh_devdump.o
 .data          0x000000000012661c        0x0 binaries/xsh_echo.o
 .data          0x000000000012661c        0x0 binaries/xsh_exit.o
 .data          0x000000000012661c        0x0 binaries/xsh_help.o
 .data          0x000000000012661c        0x0 binaries/xsh_kill.o
 .data          0x000000000012661c        0x0 binaries/xsh_ls.o
 .data          0x000000000012661c        0x0 binaries/xsh_memdump.o
 .data          0x000000000012661c        0x0 binaries/xsh_memstat.o
 .data          0x000000000012661c        0x0 binaries/xsh_netinfo.o
 .data          0x000000000012661c        0x0 binaries/xsh_ping.o
 *fill*         0x000000000012661c        0x4 
 .data          0x0000000000126620       0x20 binaries/xsh_ps.o
 .data          0x0000000000126640        0x0 binaries/xsh_sleep.o
 .data          0x0000000000126640        0x0 binaries/xsh_udpdump.o
 .data          0x0000000000126640        0x0 binaries/xsh_udpecho.o
 .data          0x0000000000126640        0x0 binaries/xsh_udpserver.o
 .data          0x0000000000126640        0x0 binaries/xsh_uptime.o
 .data          0x0000000000126640        0x0 binaries/clkdisp.o
 .data          0x0000000000126640        0x0 binaries/ctxsw.o
 .data          0x0000000000126640        0x0 binaries/intr.o
                0x0000000000126640                _saveint
 .data          0x0000000000126640        0x0 binaries/ttydispatch.o
 .data          0x0000000000126640        0x0 binaries/ethdispatch.o
                0x0000000000126640                edata = ABSOLUTE (.)
                0x0000000000127000                . = ALIGN (0x1000)
 *fill*         0x0000000000126640      0x9c0 

.got            0x0000000000127000        0x0
 .got           0x0000000000127000        0x0 binaries/start.o

.got.plt        0x0000000000127000        0xc
 .got.plt       0x0000000000127000        0xc binaries/start.o
                0x0000000000127000                _GLOBAL_OFFSET_TABLE_

.igot.plt       0x000000000012700c        0x0
 .igot.plt      0x000000000012700c        0x0 binaries/start.o

.bss            0x0000000000127020    0x1ffe0
                0x0000000000127020                bss = ABSOLUTE (.)
 *(.bss .bss.*)
 .bss           0x0000000000127020        0x0 binaries/start.o
 .bss           0x0000000000127020        0x0 binaries/ascdate.o
 .bss           0x0000000000127020        0x0 binaries/bufinit.o
 .bss           0x0000000000127020        0x0 binaries/chprio.o
 .bss           0x0000000000127020        0x0 binaries/clkhandler.o